// Jest Snapshot v1, https://goo.gl/fbAQLP

exports[`test page model test export function 1`] = `
Object {
  "componentsMeta": Array [
    Object {
      "componentName": "Button",
      "exportName": "Button",
      "package": "demo",
      "version": "1.0.0",
    },
    Object {
      "componentName": "Header",
      "exportName": "Header",
      "package": "demo",
      "version": "1.0.0",
    },
  ],
  "componentsTree": Object {
    "children": Array [
      Object {
        "componentName": "Header",
        "configure": Object {
          "propsSetter": Object {},
        },
        "id": "1",
        "props": Object {
          "age": 12,
          "itemRender": Object {
            "renderType": "COMP",
            "type": "SLOT",
            "value": Array [
              Object {
                "componentName": "Button",
                "configure": Object {
                  "propsSetter": Object {},
                },
                "id": "2",
              },
            ],
          },
          "key": "1",
        },
      },
    ],
    "componentName": "CPage",
  },
  "pageName": "testPage",
  "style": "",
  "version": "1.1.0",
}
`;
